// Vitest Snapshot v1, https://vitest.dev/guide/snapshot.html

exports[`weight tables > weights snapshot — changes must be deliberate 1`] = `
{
  "blue_collar_hourly": {
    "educationCertification": 0.1,
    "experience": 0.08,
    "freshness": 0.05,
    "industry": 0.05,
    "location": 0.2,
    "preferredSkills": 0.05,
    "requiredSkills": 0.15,
    "salary": 0.15,
    "sourceQuality": 0.05,
    "title": 0.12,
  },
  "customer_support": {
    "educationCertification": 0.03,
    "experience": 0.08,
    "freshness": 0.05,
    "industry": 0.07,
    "location": 0.2,
    "preferredSkills": 0.05,
    "requiredSkills": 0.2,
    "salary": 0.07,
    "sourceQuality": 0.05,
    "title": 0.2,
  },
  "entry_level": {
    "educationCertification": 0.12,
    "experience": 0.05,
    "freshness": 0.1,
    "industry": 0.08,
    "location": 0.18,
    "preferredSkills": 0.05,
    "requiredSkills": 0.12,
    "salary": 0.1,
    "sourceQuality": 0.1,
    "title": 0.1,
  },
  "finance_compliance": {
    "educationCertification": 0.12,
    "experience": 0.15,
    "freshness": 0.05,
    "industry": 0.1,
    "location": 0.08,
    "preferredSkills": 0.05,
    "requiredSkills": 0.22,
    "salary": 0.03,
    "sourceQuality": 0.05,
    "title": 0.15,
  },
  "general_professional": {
    "educationCertification": 0.05,
    "experience": 0.15,
    "freshness": 0.05,
    "industry": 0.1,
    "location": 0.1,
    "preferredSkills": 0.1,
    "requiredSkills": 0.2,
    "salary": 0.05,
    "sourceQuality": 0.05,
    "title": 0.15,
  },
  "government": {
    "educationCertification": 0.12,
    "experience": 0.15,
    "freshness": 0.05,
    "industry": 0.1,
    "location": 0.12,
    "preferredSkills": 0.05,
    "requiredSkills": 0.15,
    "salary": 0.03,
    "sourceQuality": 0.05,
    "title": 0.18,
  },
  "healthcare_admin": {
    "educationCertification": 0.15,
    "experience": 0.1,
    "freshness": 0.05,
    "industry": 0.07,
    "location": 0.15,
    "preferredSkills": 0.05,
    "requiredSkills": 0.18,
    "salary": 0.05,
    "sourceQuality": 0.05,
    "title": 0.15,
  },
  "office_admin": {
    "educationCertification": 0.03,
    "experience": 0.1,
    "freshness": 0.08,
    "industry": 0.07,
    "location": 0.2,
    "preferredSkills": 0.05,
    "requiredSkills": 0.15,
    "salary": 0.07,
    "sourceQuality": 0.07,
    "title": 0.18,
  },
  "sales": {
    "educationCertification": 0.05,
    "experience": 0.12,
    "freshness": 0.05,
    "industry": 0.12,
    "location": 0.13,
    "preferredSkills": 0.05,
    "requiredSkills": 0.15,
    "salary": 0.1,
    "sourceQuality": 0.05,
    "title": 0.18,
  },
  "tech": {
    "educationCertification": 0.03,
    "experience": 0.13,
    "freshness": 0.05,
    "industry": 0.05,
    "location": 0.12,
    "preferredSkills": 0.12,
    "requiredSkills": 0.25,
    "salary": 0.05,
    "sourceQuality": 0.05,
    "title": 0.15,
  },
}
`;
